 #412 Fix the auth retry backoff loop                                                   3   +42 −7 
 main ← fix-auth-retry                                                                              
                                                                                                    
  Open · Opened 2 days ago by @drucial                               ✗ failing · changes requested 
                                                                                                    
╭─[1]─4 files──────────╮╭─[2]─Conversation - Commits - Checks - Files──────────────────────────────╮
│▾ docs/               ││                                                                          │
│    screenshot.png    ││╭────────────────────────────────────────────────────────────────────────╮│
│▸ internal/           │││ ▾ docs/screenshot.png                                             +0 −0││
│                      ││├────────────────────────────────────────────────────────────────────────┤│
│                      │││ binary, or too large for GitHub to return a diff                       ││
│                      ││╰────────────────────────────────────────────────────────────────────────╯│
│                      ││                                                                          │
│                      ││                                                                          │
│                      ││                                                                          │
│                      ││                                                                          │
│                      ││                                                                          │
│                      ││                                                                          │
│                      ││                                                                          │
│                      ││                                                                          │
│                      ││                                                                          │
│                      ││                                                                          │
│                      ││                                                                          │
│                      ││                                                                          │
│                      ││                                                                          │
│                      ││                                                                          │
│                      ││                                                                          │
│                      ││                                                                          │
│                      ││                                                                          │
╰──────────────────────╯╰──────────────────────────────────────────────────────────────────────────╯
