 #412 Fix the auth retry backoff loop                    3   +42 −7 
 main ← fix-auth-retry                                               
                                                                     
  Open · Opened 2 days ago by @druci… ✗ failing · changes requested 
                                                                     
╭─Conversation - Commits - Checks - Files───────────────────────────╮
│                                                                   │
│╭─────────────────────────────────────────────────────────────────╮│
││ ▾ docs/screenshot.png                                      +0 −0││
│├─────────────────────────────────────────────────────────────────┤│
││ binary, or too large for GitHub to return a diff                ││
│╰─────────────────────────────────────────────────────────────────╯│
│                                                                   │
│╭─────────────────────────────────────────────────────────────────╮│
││ ▾ internal/gh/client.go                                    +2 −1││
│├─────────────────────────────────────────────────────────────────┤│
││        @@ -40,4 +40,5 @@ func New() (*Client, error) {          ││
││ 40 40       for {                                               ││
││ 41    −         time.Sleep(delay)                               ││
││    41 +         delay = min(delay*2, fetchTimeout)              ││
││    42 +         time.Sleep(delay)                               ││
││   ╭────────────────────────────────────────────────────────────╮││
││   │ internal/gh/client.go:42                                   │││
╰─────────────────────────────────────────────────────────────17/52─╯
