 #412 Fix the auth retry backoff loop                         3   +42 −7 
 main ← fix-auth-retry                                                    
                                                                          
  Open · Opened 2 days ago by @drucial     ✗ failing · changes requested 
                                                                          
╭─[1]─4 files──────────╮╭─[2]─Conversation - Commits - Checks - Files────╮
│▾ docs/               ││                                                │
│    screenshot.png    ││▾ docs/screenshot.png                      +0 −0│
│▾ internal/           ││ binary, or too large for GitHub to return a di…│
│  ▾ gh/               ││                                                │
│      client.go       ││▾ internal/gh/client.go                    +2 −1│
│  ▾ store/            ││         @@ -40,4 +40,5 @@ func New() (*Client,…│
│      store.go        ││ 40 40       for {                              │
│  ▾ tui/prview/       ││ 41    −         time.Sleep(delay)              │
│      files.go        ││    41 +         delay = min(delay*2, fetchTime…│
│                      ││    42 +         time.Sleep(delay)              │
│                      ││   ╭───────────────────────────────────────────╮│
│                      ││   │ internal/gh/client.go:42                  ││
│                      ││   ├───────────────────────────────────────────┤│
│                      ││   │ nkr · said · 2h                           ││
│                      ││   │                                           ││
│                      ││   │ This backs off forever.                   ││
│                      ││   ╰───────────────────────────────────────────╯│
╰──────────────────────╯╰──────────────────────────────────────────17/40─╯
